<html>
<body>
<pre>
<h1>µVision Build Log</h1>
<h2>Tool Versions:</h2>
IDE-Version: ¦ÌVision V5.39.0.0
Copyright (C) 2023 ARM Ltd and ARM Germany GmbH. All rights reserved.
License Information: 1 Ailong, 1, LIC=HN0AE-5RB3B-X7XRZ-JKCZQ-BLK21-T2CPL
 
Tool Versions:
Toolchain:       MDK-ARM Plus  Version: 5.39.0.0
Toolchain Path:  E:\software_setup\Keil_v5\setup\ARM\ARMCC\Bin
C Compiler:      Armcc.exe V5.05 update 1 (build 106)
Assembler:       Armasm.exe V5.05 update 1 (build 106)
Linker/Locator:  ArmLink.exe V5.05 update 1 (build 106)
Library Manager: ArmAr.exe V5.05 update 1 (build 106)
Hex Converter:   FromElf.exe V5.05 update 1 (build 106)
CPU DLL:         SARMCM3.DLL V5.39.0.0
Dialog DLL:      DARMSTM.DLL V1.69.1.0
Target DLL:      STLink\ST-LINKIII-KEIL_SWO.dll V3.2.0.0
Dialog DLL:      TARMSTM.DLL V1.67.1.0
 
<h2>Project:</h2>
D:\Ailong\AilongProject\Intelligent-bookcase-management-system\Software\Intelligent-bookcase-management-system\USER\Template.uvprojx
Project File Date:  06/15/2024

<h2>Output:</h2>
*** Using Compiler 'V5.05 update 1 (build 106)', folder: 'E:\software_setup\Keil_v5\setup\ARM\ARMCC\Bin'
Build target 'Template'
compiling menu.c...
..\HARDWARE\MENU\menu.h(16): warning:  #1295-D: Deprecated declaration Information_Entry - give arg types
  void Information_Entry();
..\HARDWARE\MENU\menu.h(17): warning:  #1295-D: Deprecated declaration Information_Query - give arg types
  void Information_Query();
..\HARDWARE\MENU\menu.h(18): warning:  #1295-D: Deprecated declaration Library_Card_Binding - give arg types
  void Library_Card_Binding();
..\HARDWARE\MENU\menu.h(19): warning:  #1295-D: Deprecated declaration Borrow_a_Book - give arg types
  void Borrow_a_Book();
..\HARDWARE\MENU\menu.h(20): warning:  #1295-D: Deprecated declaration Return_a_Book - give arg types
  void Return_a_Book();
..\HARDWARE\MENU\menu.c(154): warning:  #940-D: missing return statement at end of non-void function "Vacancy_Search"
  }
..\HARDWARE\MENU\menu.c(223): warning:  #167-D: argument of type "uint8_t *" is incompatible with parameter of type "char *restrict"
  				sprintf(cStr, "RDID:%02X%02X%02X%02X", Books[i].BookRFID[0], Books[i].BookRFID[1], Books[i].BookRFID[2], Books[i].BookRFID[3]);
..\HARDWARE\MENU\menu.c(265): warning:  #167-D: argument of type "uint8_t *" is incompatible with parameter of type "char *restrict"
  			sprintf(show, "Book_RFID:%02X%02X%02X%02X", Books[i].BookRFID[0], Books[i].BookRFID[1], Books[i].BookRFID[2], Books[i].BookRFID[3]);
..\HARDWARE\MENU\menu.c(270): warning:  #167-D: argument of type "uint8_t *" is incompatible with parameter of type "char *restrict"
  				sprintf(show, "Brrwr_ID:%d", Books[i].Borrower_ID);
..\HARDWARE\MENU\menu.c(272): warning:  #167-D: argument of type "uint8_t *" is incompatible with parameter of type "char *restrict"
  				sprintf(show, "Brrwr_RFID:%02X%02X%02X%02X", Books[i].BorrowerRFID[0], Books[i].BorrowerRFID[1], Books[i].BorrowerRFID[2], Books[i].BorrowerRFID[3]);
..\HARDWARE\MENU\menu.c(336): warning:  #167-D: argument of type "uint8_t *" is incompatible with parameter of type "char *restrict"
  				sprintf(cStr, "RDID:%02X%02X%02X%02X", ucArray_ID[0], ucArray_ID[1], ucArray_ID[2], ucArray_ID[3]);
..\HARDWARE\MENU\menu.c(383): warning:  #167-D: argument of type "uint8_t *" is incompatible with parameter of type "char *restrict"
  				sprintf(cStr, "RDID:%02X%02X%02X%02X", ucArray_ID[0], ucArray_ID[1], ucArray_ID[2], ucArray_ID[3]);
..\HARDWARE\MENU\menu.c(409): warning:  #167-D: argument of type "uint8_t *" is incompatible with parameter of type "char *restrict"
  				sprintf(cStr, "RDID:%02X%02X%02X%02X", ucArray_ID_Borrower[0], ucArray_ID_Borrower[1], ucArray_ID_Borrower[2], ucArray_ID_Borrower[3]);
..\HARDWARE\MENU\menu.c(495): warning:  #167-D: argument of type "uint8_t *" is incompatible with parameter of type "char *restrict"
  				sprintf(cStr, "RDID:%02X%02X%02X%02X", ucArray_ID[0], ucArray_ID[1], ucArray_ID[2], ucArray_ID[3]);
..\HARDWARE\MENU\menu.c(517): warning:  #167-D: argument of type "uint8_t *" is incompatible with parameter of type "char *restrict"
  				sprintf(cStr, "RDID:%02X%02X%02X%02X", ucArray_ID_Borrower[0], ucArray_ID_Borrower[1], ucArray_ID_Borrower[2], ucArray_ID_Borrower[3]);
..\HARDWARE\MENU\menu.c(573): warning:  #1-D: last line of file ends without a newline
  }
..\HARDWARE\MENU\menu.c: 16 warnings, 0 errors
linking...
Program Size: Code=13652 RO-data=8032 RW-data=228 ZI-data=2468  
FromELF: creating hex file...
"..\OBJ\Template.axf" - 0 Error(s), 16 Warning(s).

<h2>Software Packages used:</h2>

Package Vendor: Keil
                http://www.keil.com/pack/Keil.STM32F1xx_DFP.2.4.0.pack
                Keil::STM32F1xx_DFP@2.4.0
                STMicroelectronics STM32F1 Series Device Support, Drivers and Examples

<h2>Collection of Component include folders:</h2>
  E:/software_setup/Keil_v5/pack/Keil/STM32F1xx_DFP/2.4.0/Device/Include

<h2>Collection of Component Files used:</h2>
Build Time Elapsed:  00:00:01
</pre>
</body>
</html>
